


ARM Macro Assembler    Page 1 


    1 00000000                 AREA             |.text|, CODE, READONLY
    2 00000000         
    3 00000000         ; This register controls the clock gating logic in norma
                       l Run mode
    4 00000000 400FE108 
                       SYSCTL_PERIPH_GPIO
                               EQU              0x400FE108  ; SYSCTL_RCGC2_R (p
                                                            291 datasheet de lm
                                                            3s9b92.pdf)
    5 00000000         
    6 00000000         ; The GPIODATA register is the data register
    7 00000000 40025000 
                       GPIO_PORTF_BASE
                               EQU              0x40025000  ; GPIO Port F (APB)
                                                             base: 0x4002.5000 
                                                            (p416 datasheet de 
                                                            lm3s9B92.pdf)
    8 00000000 40007000 
                       GPIO_PORTD_BASE
                               EQU              0x40007000  ; GPIO Port D (APB)
                                                             base: 0x4000.7000 
                                                            (p416 datasheet de 
                                                            lm3s9B92.pdf)
    9 00000000 40024000 
                       GPIO_PORTE_BASE
                               EQU              0x40024000  ; GPIO Port E (APB)
                                                             base: 0x4002.4000 
                                                            (p416 datasheet de 
                                                            lm3s9B92.pdf)
   10 00000000         
   11 00000000         ; configure the corresponding pin to be an output
   12 00000000         ; all GPIO pins are inputs by default
   13 00000000 00000400 
                       GPIO_O_DIR
                               EQU              0x00000400  ; GPIO Direction (p
                                                            417 datasheet de lm
                                                            3s9B92.pdf)
   14 00000000         
   15 00000000         ; The GPIODR2R register is the 2-mA drive control regist
                       er
   16 00000000         ; By default, all GPIO pins have 2-mA drive.
   17 00000000 00000500 
                       GPIO_O_DR2R
                               EQU              0x00000500  ; GPIO 2-mA Drive S
                                                            elect (p428 datashe
                                                            et de lm3s9B92.pdf)
                                                            
   18 00000000         
   19 00000000         ; Digital enable register
   20 00000000         ; To use the pin as a digital input or output, the corre
                       sponding GPIODEN bit must be set.
   21 00000000 0000051C 
                       GPIO_O_DEN
                               EQU              0x0000051C  ; GPIO Digital Enab
                                                            le (p437 datasheet 
                                                            de lm3s9B92.pdf)
   22 00000000         
   23 00000000         ; Pul_up
   24 00000000 00000510 



ARM Macro Assembler    Page 2 


                       GPIO_I_PUR
                               EQU              0x00000510  ; GPIO Pull-Up (p43
                                                            2 datasheet de lm3s
                                                            9B92.pdf)
   25 00000000         
   26 00000000         ; Broches select
   27 00000000 00000030 
                       BROCHE4_5
                               EQU              0x30        ; led1 & led2 sur b
                                                            roche 4 et 5
   28 00000000         
   29 00000000 00000010 
                       BROCHE4 EQU              0x10        ; led1 sur broche 4
                                                            
   30 00000000         
   31 00000000 00000020 
                       BROCHE5 EQU              0x20        ; led2 sur broche 5
                                                            
   32 00000000         
   33 00000000 000000C0 
                       BROCHE6_7
                               EQU              0xC0        ; bouton poussoir 1
                                                             et 2 sur broche 6 
                                                            et 7
   34 00000000         
   35 00000000 00000040 
                       BROCHE6 EQU              0x40        ; bouton poussoir 1
                                                             sur broche 6
   36 00000000         
   37 00000000 00000080 
                       BROCHE7 EQU              0x80        ; bouton poussoir 2
                                                             sur broche 7
   38 00000000         
   39 00000000 00000003 
                       BROCHE0_1
                               EQU              0x03        ; bumpers 1 et 2 su
                                                            r broche 0 et 1
   40 00000000         
   41 00000000                 ENTRY
   42 00000000                 EXPORT           __main
   43 00000000         
   44 00000000         ;; The IMPORT command specifies that a symbol is defined
                        in a shared object at runtime.
   45 00000000                 IMPORT           MOTEUR_INIT ; initialise les mo
                                                            teurs (configure le
                                                            s pwms + GPIO)
   46 00000000         
   47 00000000                 IMPORT           MOTEUR_DROIT_ON ; activer le mo
                                                            teur droit
   48 00000000                 IMPORT           MOTEUR_DROIT_OFF ; d?activer le
                                                             moteur droit
   49 00000000                 IMPORT           MOTEUR_DROIT_AVANT ; moteur dro
                                                            it tourne vers l'av
                                                            ant
   50 00000000                 IMPORT           MOTEUR_DROIT_ARRIERE ; moteur d
                                                            roit tourne vers l'
                                                            arri?re
   51 00000000                 IMPORT           MOTEUR_DROIT_INVERSE ; inverse 
                                                            le sens de rotation



ARM Macro Assembler    Page 3 


                                                             du moteur droit
   52 00000000         
   53 00000000                 IMPORT           MOTEUR_GAUCHE_ON ; activer le m
                                                            oteur gauche
   54 00000000                 IMPORT           MOTEUR_GAUCHE_OFF ; d?activer l
                                                            e moteur gauche
   55 00000000                 IMPORT           MOTEUR_GAUCHE_AVANT ; moteur ga
                                                            uche tourne vers l'
                                                            avant
   56 00000000                 IMPORT           MOTEUR_GAUCHE_ARRIERE ; moteur 
                                                            gauche tourne vers 
                                                            l'arri?re
   57 00000000                 IMPORT           MOTEUR_GAUCHE_INVERSE ; inverse
                                                             le sens de rotatio
                                                            n du moteur gauche
   58 00000000         
   59 00000000         __main
   60 00000000         
   61 00000000         ; ;; Enable the Port F & D peripheral clock   (p291 data
                       sheet de lm3s9B96.pdf)
   62 00000000         ; ;;         
   63 00000000 4E9A            ldr              r6, = SYSCTL_PERIPH_GPIO 
                                                            ;; RCGC2
   64 00000002 F04F 0038       mov              r0, #0x00000038 ;; Enable clock
                                                             sur GPIO D et F o?
                                                             sont branch?s les 
                                                            leds (0x28 == 0b111
                                                            000)
   65 00000006         ; ;;                              (GPIO::FEDCBA)
   66 00000006 6030            str              r0, [r6]
   67 00000008         
   68 00000008         ; ;; "There must be a delay of 3 system clocks before an
                       y GPIO reg. access  (p413 datasheet de lm3s9B92.pdf)
   69 00000008 BF00            nop                          ;; tres tres import
                                                            ant....
   70 0000000A BF00            nop
   71 0000000C BF00            nop                          ;; pas necessaire e
                                                            n simu ou en debbug
                                                             step by step...
   72 0000000E         
   73 0000000E         ;^^^^^^^^^^^^^^^^^^^^^^^^^^^^^^CONFIGURATION 2 LEDs
   74 0000000E         
   75 0000000E 4E98            ldr              r6, = GPIO_PORTF_BASE+GPIO_O_DI
R 
                                                            ;; 1 Pin du portF e
                                                            n sortie (broche 4 
                                                            : 00010000)
   76 00000010 F04F 0030       ldr              r0, = BROCHE4_5
   77 00000014 6030            str              r0, [r6]
   78 00000016         
   79 00000016 4E97            ldr              r6, = GPIO_PORTF_BASE+GPIO_O_DE
N 
                                                            ;; Enable Digital F
                                                            unction 
   80 00000018 F04F 0030       ldr              r0, = BROCHE4_5
   81 0000001C 6030            str              r0, [r6]
   82 0000001E         
   83 0000001E 4E96            ldr              r6, = GPIO_PORTF_BASE+GPIO_O_DR
2R 



ARM Macro Assembler    Page 4 


                                                            ;; Choix de l'inten
                                                            sit? de sortie (2mA
                                                            )
   84 00000020 F04F 0030       ldr              r0, = BROCHE4_5
   85 00000024 6030            str              r0, [r6]
   86 00000026         
   87 00000026 F04F 0200       mov              r2, #0x000  ;; pour eteindre LE
                                                            D
   88 0000002A         
   89 0000002A         ; allumer la led broche 4 (BROCHE4_5)
   90 0000002A F04F 0330       mov              r3, #BROCHE4_5 ;; Allume LED1&2
                                                             portF broche 4&5 :
                                                             00110000
   91 0000002E         
   92 0000002E 4E93            ldr              r6, = GPIO_PORTF_BASE + (BROCHE
4_5<<2) 
                                                            ;; @data Register =
                                                             @base + (mask<<2) 
                                                            ==> LED1
   93 00000030         
   94 00000030         ;vvvvvvvvvvvvvvvvvvvvvvvFin configuration LED 
   95 00000030         
   96 00000030         ;^^^^^^^^^^^^^^^^^^^^^^^^^^^^^^CONFIGURATION Switcher 
   97 00000030         
   98 00000030 4F93            ldr              r7, = GPIO_PORTD_BASE+GPIO_I_PU
R 
                                                            ;; Pul_up 
   99 00000032 F04F 00C0       ldr              r0, = BROCHE6_7
  100 00000036 6038            str              r0, [r7]
  101 00000038         
  102 00000038 4F92            ldr              r7, = GPIO_PORTD_BASE+GPIO_O_DE
N 
                                                            ;; Enable Digital F
                                                            unction 
  103 0000003A F04F 00C0       ldr              r0, = BROCHE6_7
  104 0000003E 6038            str              r0, [r7]
  105 00000040         
  106 00000040 4F91            ldr              r7, = GPIO_PORTD_BASE + (BROCHE
6_7<<2) 
                                                            ;; @data Register =
                                                             @base + (mask<<2) 
                                                            ==> Switcher
  107 00000042         
  108 00000042         ;vvvvvvvvvvvvvvvvvvvvvvvFin configuration Switcher
  109 00000042         
  110 00000042         ;^^^^^^^^^^^^^^^^^^^^^^^^^^^^^^CONFIGURATION Bumper 
  111 00000042         
  112 00000042 F8DF 8248       ldr              r8, = GPIO_PORTE_BASE+GPIO_I_PU
R 
                                                            ;; Pul_up 
  113 00000046 F04F 0003       ldr              r0, = BROCHE0_1
  114 0000004A F8C8 0000       str              r0, [r8]
  115 0000004E         
  116 0000004E F8DF 8240       ldr              r8, = GPIO_PORTE_BASE+GPIO_O_DE
N 
                                                            ;; Enable Digital F
                                                            unction 
  117 00000052 F04F 0003       ldr              r0, = BROCHE0_1
  118 00000056 F8C8 0000       str              r0, [r8]



ARM Macro Assembler    Page 5 


  119 0000005A         
  120 0000005A F8DF 8238       ldr              r8, = GPIO_PORTE_BASE + (BROCHE
0_1<<2) 
                                                            ;; @data Register =
                                                             @base + (mask<<2) 
                                                            ==> Bumper
  121 0000005E         
  122 0000005E         ;vvvvvvvvvvvvvvvvvvvvvvvFin configuration Bumper 
  123 0000005E         
  124 0000005E         ;Boucle permettant de choisir le programme 1 ou 2 en pre
                       ssant le bouton associé
  125 0000005E         ChooseProgram
  126 0000005E F8D7 A000       ldr              r10, [r7]
  127 00000062 F1BA 0F80       CMP              r10, #0x80  ; Check if switch 1
                                                             is pushed
  128 00000066 D003            BEQ              Program1
  129 00000068 F1BA 0F40       CMP              r10, #0x40  ; Check if switch 2
                                                             is pushed
  130 0000006C D06D            BEQ              Program2
  131 0000006E E7F6            B                ChooseProgram
  132 00000070         
  133 00000070         
  134 00000070         ;;;;;;;;;;;;;;;;;;;;;;;;;;;;;;;Début programme 1;;;;;;;;
                       ;;;;;;;;;;;;;;;;;;;;;;;
  135 00000070         
  136 00000070         Program1
  137 00000070 F000 F8F2       BL               WAIT
  138 00000074 F000 F8F0       BL               WAIT
  139 00000078         ; Configure les PWM + GPIO
  140 00000078 F7FF FFFE       BL               MOTEUR_INIT
  141 0000007C         
  142 0000007C         ; Activer les deux moteurs droit et gauche
  143 0000007C F7FF FFFE       BL               MOTEUR_DROIT_ON
  144 00000080 F7FF FFFE       BL               MOTEUR_GAUCHE_ON
  145 00000084         
  146 00000084         ; Evalbot avance droit devant
  147 00000084 F7FF FFFE       BL               MOTEUR_DROIT_AVANT
  148 00000088 F7FF FFFE       BL               MOTEUR_GAUCHE_AVANT
  149 0000008C         
  150 0000008C E7FF            B                CheckBumpers
  151 0000008E         
  152 0000008E         CheckBumpers
  153 0000008E F8D8 A000       ldr              r10, [r8]
  154 00000092 F1BA 0F02       CMP              r10, #0x02  ; Check if right on
                                                            e is pushed
  155 00000096 D046            BEQ              waitBumperRight
  156 00000098 F1BA 0F01       CMP              r10, #0x01  ; check if left one
                                                             is pushed
  157 0000009C D04C            BEQ              waitBumperleft
  158 0000009E         
  159 0000009E E010            B                TurnOffLeds ; if none, turn off
                                                             leds
  160 000000A0         
  161 000000A0         TurnOnLeds
  162 000000A0 4E76            ldr              r6, = GPIO_PORTF_BASE + (BROCHE
4_5<<2)
  163 000000A2 F04F 0330       ldr              r3, = BROCHE4_5
  164 000000A6 6033            str              r3, [r6]
  165 000000A8 E02C            B                HalfTurn



ARM Macro Assembler    Page 6 


  166 000000AA         
  167 000000AA         TurnOnLed1Program1
  168 000000AA 4E7B            ldr              r6, = GPIO_PORTF_BASE + (BROCHE
4<<2)
  169 000000AC         ;str r2, [r6] ; Turns off Led 1
  170 000000AC         
  171 000000AC 4E7B            ldr              r6, = GPIO_PORTF_BASE + (BROCHE
5<<2)
  172 000000AE F04F 0320       ldr              r3, = BROCHE5
  173 000000B2 6033            str              r3, [r6]
  174 000000B4 E017            B                LeftDirection
  175 000000B6         
  176 000000B6         TurnOnLed2Program1
  177 000000B6 4E79            ldr              r6, = GPIO_PORTF_BASE + (BROCHE
5<<2)
  178 000000B8         ;str r2, [r6] ; Turns off Led 2
  179 000000B8         
  180 000000B8 4E77            ldr              r6, = GPIO_PORTF_BASE + (BROCHE
4<<2)
  181 000000BA F04F 0310       ldr              r3, = BROCHE4 ; Turns on Led 1
  182 000000BE 6033            str              r3, [r6]
  183 000000C0 E002            B                RightDirection
  184 000000C2         
  185 000000C2         TurnOffLeds
  186 000000C2 4E6E            ldr              r6, = GPIO_PORTF_BASE + (BROCHE
4_5<<2)
  187 000000C4 6032            str              r2, [r6]
  188 000000C6 E7E2            B                CheckBumpers
  189 000000C8         
  190 000000C8         RightDirection
  191 000000C8 F7FF FFFE       BL               MOTEUR_DROIT_ARRIERE
  192 000000CC F7FF FFFE       BL               MOTEUR_GAUCHE_ARRIERE
  193 000000D0 F000 F8C2       BL               WAIT
  194 000000D4 F7FF FFFE       BL               MOTEUR_DROIT_ARRIERE
  195 000000D8 F7FF FFFE       BL               MOTEUR_GAUCHE_AVANT
  196 000000DC F000 F8BC       BL               WAIT
  197 000000E0 F7FF FFFE       BL               MOTEUR_DROIT_AVANT
  198 000000E4 E7D3            B                CheckBumpers
  199 000000E6         
  200 000000E6         LeftDirection
  201 000000E6 F7FF FFFE       BL               MOTEUR_DROIT_ARRIERE
  202 000000EA F7FF FFFE       BL               MOTEUR_GAUCHE_ARRIERE
  203 000000EE F000 F8B3       BL               WAIT
  204 000000F2 F7FF FFFE       BL               MOTEUR_GAUCHE_ARRIERE
  205 000000F6 F7FF FFFE       BL               MOTEUR_DROIT_AVANT
  206 000000FA F000 F8AD       BL               WAIT
  207 000000FE F7FF FFFE       BL               MOTEUR_GAUCHE_AVANT
  208 00000102 E7C4            B                CheckBumpers
  209 00000104         
  210 00000104         HalfTurn
  211 00000104 F7FF FFFE       BL               MOTEUR_DROIT_ARRIERE
  212 00000108 F7FF FFFE       BL               MOTEUR_GAUCHE_ARRIERE
  213 0000010C F000 F8A4       BL               WAIT
  214 00000110 F7FF FFFE       BL               MOTEUR_GAUCHE_ARRIERE
  215 00000114 F7FF FFFE       BL               MOTEUR_DROIT_AVANT
  216 00000118 F000 F89E       BL               WAIT
  217 0000011C F000 F89C       BL               WAIT
  218 00000120 F7FF FFFE       BL               MOTEUR_GAUCHE_AVANT
  219 00000124         



ARM Macro Assembler    Page 7 


  220 00000124 E7B3            B                CheckBumpers
  221 00000126         
  222 00000126         ;; Boucle d'attente pour bumper droit
  223 00000126         waitBumperRight
  224 00000126 495E            ldr              r1, =0x2BFFF
  225 00000128         wait2
  226 00000128 F8D8 A000       ldr              r10, [r8]
  227 0000012C F1BA 0F00       CMP              r10, #0x0   ; Check if left and
                                                             right are pushed
  228 00000130 D0B6            BEQ              TurnOnLeds
  229 00000132 3901            subs             r1, #1
  230 00000134 D1F8            bne              wait2
  231 00000136         
  232 00000136 E7B8            B                TurnOnLed1Program1
  233 00000138         
  234 00000138         ;; Boucle d'attente pour bumper gauche
  235 00000138         waitBumperleft
  236 00000138 4959            ldr              r1, =0x2BFFF
  237 0000013A         wait3
  238 0000013A F8D8 A000       ldr              r10, [r8]
  239 0000013E F1BA 0F00       CMP              r10, #0x0   ; Check if left and
                                                             right are pushed
  240 00000142 D0AD            BEQ              TurnOnLeds
  241 00000144 3901            subs             r1, #1
  242 00000146 D1F8            bne              wait3
  243 00000148         
  244 00000148 E7B5            B                TurnOnLed2Program1
  245 0000014A         
  246 0000014A         ;;;;;;;;;;;;;;;;;;;;;;;;;;;;;;;Fin programme 1;;;;;;;;;;
                       ;;;;;;;;;;;;;;;;;;;;;
  247 0000014A         
  248 0000014A         
  249 0000014A         ;;;;;;;;;;;;;;;;;;;;;;;;;;;;;;;Début programme 2;;;;;;;;
                       ;;;;;;;;;;;;;;;;;;;;;;;
  250 0000014A         
  251 0000014A         Program2
  252 0000014A F04F 0400       ldr              r4, =0x0    ; Directions
  253 0000014E F04F 0500       ldr              r5, =0x0    ; Compteur
  254 00000152 F04F 0900       ldr              r9, =0x0    ; Pour copier R4 da
                                                            ns R9
  255 00000156 F04F 0201       ldr              r2, =0x1    ; Pour le décalage 
                                                            à gauche et le calc
                                                            ul and
  256 0000015A F04F 0002       ldr              r0, =0x2    ; Pour la constante
                                                             de 2^n
  257 0000015E         ; Configure les PWM + GPIO
  258 0000015E F7FF FFFE       BL               MOTEUR_INIT
  259 00000162 F000 F879       BL               WAIT
  260 00000166         
  261 00000166         Input                                ; Enregistrement de
                                                            s directions lues p
                                                            ar les bumpers
  262 00000166 F8D8 A000       ldr              r10, [r8]
  263 0000016A F8D7 B000       ldr              r11, [r7]
  264 0000016E F1BA 0F02       CMP              r10, #0x02  ; Check if right on
                                                            e is pushed
  265 00000172 D03A            BEQ              AddRight
  266 00000174 F1BA 0F01       CMP              r10, #0x01  ; check if left one
                                                             is pushed



ARM Macro Assembler    Page 8 


  267 00000178 D025            BEQ              AddLeft
  268 0000017A F1BB 0FC0       CMP              r11, #0xC0  ; Check if switch 1
                                                             is pushed
  269 0000017E D100            BNE              StartCycle
  270 00000180         
  271 00000180 E7F1            B                Input
  272 00000182         
  273 00000182         StartCycle
  274 00000182 F000 F869       BL               WAIT
  275 00000186         
  276 00000186         ; Activer les deux moteurs droit et gauche
  277 00000186 F7FF FFFE       BL               MOTEUR_DROIT_ON
  278 0000018A F7FF FFFE       BL               MOTEUR_GAUCHE_ON
  279 0000018E         
  280 0000018E         ; Evalbot avance droit devant
  281 0000018E F7FF FFFE       BL               MOTEUR_DROIT_AVANT
  282 00000192 F7FF FFFE       BL               MOTEUR_GAUCHE_AVANT
  283 00000196 F000 F85F       BL               WAIT
  284 0000019A F000 F85D       BL               WAIT
  285 0000019E         
  286 0000019E         ExecuteDirections
  287 0000019E EA04 0902       AND              r9, r4, r2
  288 000001A2 2D00            CMP              r5, #0x0
  289 000001A4 F000 805C       BEQ.W            EndProgram
  290 000001A8 F1A5 0501       SUB              r5, #1
  291 000001AC         
  292 000001AC F000 F835       BL               Motors
  293 000001B0 EA4F 0242       LSL              r2, r2, #0x1
  294 000001B4 E7F3            B                ExecuteDirections
  295 000001B6         
  296 000001B6         PowerLoop
  297 000001B6 FB01 F100       MUL              r1, r1, r0
  298 000001BA F1AC 0C01       SUB              r12, #1
  299 000001BE F1BC 0F00       CMP              r12, #0
  300 000001C2 D006            BEQ              SequenceAddLeft
  301 000001C4 E7F7            B                PowerLoop
  302 000001C6         
  303 000001C6         AddLeft
  304 000001C6 F04F 0101       LDR              r1, =0x1    ; Pour la puissance
                                                             à 0 qui vaut 1 par
                                                             convention
  305 000001CA 2D00            CMP              r5, #0
  306 000001CC D001            BEQ              SequenceAddLeft
  307 000001CE 46AC            MOV              r12, r5
  308 000001D0         
  309 000001D0 E7F1            B                PowerLoop
  310 000001D2         
  311 000001D2         SequenceAddLeft
  312 000001D2 F105 0501       ADD              r5, #1
  313 000001D6         ;LSL r4, r4, #1
  314 000001D6 440C            ADD              r4, r4, r1
  315 000001D8 F000 F810       BL               TurnOnLed1Program2
  316 000001DC F000 F83C       BL               WAIT
  317 000001E0 F04F 0C00       LDR              r12, =0x0
  318 000001E4 F000 F816       BL               TurnOffLedsProgram2
  319 000001E8         
  320 000001E8 E7BD            B                Input
  321 000001EA         
  322 000001EA         AddRight



ARM Macro Assembler    Page 9 


  323 000001EA F105 0501       ADD              r5, #1
  324 000001EE F000 F80B       BL               TurnOnLed2Program2
  325 000001F2 F000 F831       BL               WAIT
  326 000001F6 F000 F80D       BL               TurnOffLedsProgram2
  327 000001FA         
  328 000001FA E7B4            B                Input
  329 000001FC         
  330 000001FC         TurnOnLed1Program2
  331 000001FC 4E26            ldr              r6, = GPIO_PORTF_BASE + (BROCHE
4<<2)
  332 000001FE 4E27            ldr              r6, = GPIO_PORTF_BASE + (BROCHE
5<<2)
  333 00000200 F04F 0320       ldr              r3, = BROCHE5
  334 00000204 6033            str              r3, [r6]
  335 00000206 4770            BX               LR
  336 00000208         
  337 00000208         TurnOnLed2Program2
  338 00000208 4E24            ldr              r6, = GPIO_PORTF_BASE + (BROCHE
5<<2)
  339 0000020A 4E23            ldr              r6, = GPIO_PORTF_BASE + (BROCHE
4<<2)
  340 0000020C F04F 0310       ldr              r3, = BROCHE4 ; Turns on Led 1
  341 00000210 6033            str              r3, [r6]
  342 00000212 4770            BX               LR
  343 00000214         
  344 00000214         TurnOffLedsProgram2
  345 00000214 4E19            ldr              r6, = GPIO_PORTF_BASE + (BROCHE
4_5<<2)
  346 00000216 6032            str              r2, [r6]
  347 00000218 4770            BX               LR
  348 0000021A         
  349 0000021A         Motors
  350 0000021A B500            PUSH             {LR}
  351 0000021C F1B9 0F00       CMP              r9, #0x0
  352 00000220 D10D            BNE              TurnLeft
  353 00000222 E7FF            B                TurnRight
  354 00000224         
  355 00000224         TurnRight
  356 00000224         ;ADD r2, #1
  357 00000224         
  358 00000224 F7FF FFFE       BL               MOTEUR_DROIT_ARRIERE
  359 00000228 F000 F816       BL               WAIT
  360 0000022C F7FF FFFE       BL               MOTEUR_DROIT_AVANT
  361 00000230 F000 F812       BL               WAIT
  362 00000234         
  363 00000234 F04F 0900       ldr              r9, =0x0
  364 00000238 F85D EB04       POP              {LR}
  365 0000023C         
  366 0000023C 4770            BX               LR
  367 0000023E         
  368 0000023E         TurnLeft
  369 0000023E         ;ADD r2, #2
  370 0000023E         
  371 0000023E F7FF FFFE       BL               MOTEUR_GAUCHE_ARRIERE
  372 00000242 F000 F809       BL               WAIT
  373 00000246 F7FF FFFE       BL               MOTEUR_GAUCHE_AVANT
  374 0000024A F000 F805       BL               WAIT
  375 0000024E         
  376 0000024E F04F 0900       ldr              r9, =0x0



ARM Macro Assembler    Page 10 


  377 00000252 F85D EB04       POP              {LR}
  378 00000256         
  379 00000256 4770            BX               LR
  380 00000258         
  381 00000258         ;;;;;;;;;;;;;;;;;;;;;;;;;;;;;;;Fin programme 2;;;;;;;;;;
                       ;;;;;;;;;;;;;;;;;;;;;
  382 00000258         
  383 00000258         
  384 00000258         ;; Boucle d'attente
  385 00000258         WAIT
  386 00000258 4912            ldr              r1, =0x2BFFFF
  387 0000025A         wait1
  388 0000025A 3901            subs             r1, #1
  389 0000025C D1FD            bne              wait1
  390 0000025E         
  391 0000025E         ;; retour à la suite du lien de branchement
  392 0000025E 4770            BX               LR
  393 00000260         
  394 00000260         EndProgram
  395 00000260 F7FF FFFE       BL               MOTEUR_DROIT_OFF
  396 00000264 F7FF FFFE       BL               MOTEUR_GAUCHE_OFF
  397 00000268         
  398 00000268 BF00            nop
  399 0000026A                 END
              00 00 400FE108 
              40025400 
              4002551C 
              40025500 
              400250C0 
              40007510 
              4000751C 
              40007300 
              40024510 
              4002451C 
              4002400C 
              40025040 
              40025080 
              0002BFFF 
              002BFFFF 
Command Line: --debug --xref --diag_suppress=9931 --cpu=Cortex-M3 --apcs=interw
ork --depend=.\objects\main.d -o.\objects\main.o -I.\RTE\_Target_1 -I"D:\Progra
m Files\ARM Keil\Packs\ARM\CMSIS\5.5.1\CMSIS\Core\Include" -I"D:\Program Files\
ARM Keil\Packs\ARM\CMSIS\5.5.1\Device\ARM\ARMCM3\Include" --predefine="__EVAL S
ETA 1" --predefine="__MICROLIB SETA 1" --predefine="__UVISION_VERSION SETA 528"
 --predefine="_RTE_ SETA 1" --predefine="ARMCM3 SETA 1" --list=.\listings\main.
lst main.s



ARM Macro Assembler    Page 1 Alphabetic symbol ordering
Relocatable symbols

.text 00000000

Symbol: .text
   Definitions
      At line 1 in file main.s
   Uses
      None
Comment: .text unused
AddLeft 000001C6

Symbol: AddLeft
   Definitions
      At line 303 in file main.s
   Uses
      At line 267 in file main.s
Comment: AddLeft used once
AddRight 000001EA

Symbol: AddRight
   Definitions
      At line 322 in file main.s
   Uses
      At line 265 in file main.s
Comment: AddRight used once
CheckBumpers 0000008E

Symbol: CheckBumpers
   Definitions
      At line 152 in file main.s
   Uses
      At line 150 in file main.s
      At line 188 in file main.s
      At line 198 in file main.s
      At line 208 in file main.s
      At line 220 in file main.s

ChooseProgram 0000005E

Symbol: ChooseProgram
   Definitions
      At line 125 in file main.s
   Uses
      At line 131 in file main.s
Comment: ChooseProgram used once
EndProgram 00000260

Symbol: EndProgram
   Definitions
      At line 394 in file main.s
   Uses
      At line 289 in file main.s
Comment: EndProgram used once
ExecuteDirections 0000019E

Symbol: ExecuteDirections
   Definitions
      At line 286 in file main.s
   Uses
      At line 294 in file main.s



ARM Macro Assembler    Page 2 Alphabetic symbol ordering
Relocatable symbols

Comment: ExecuteDirections used once
HalfTurn 00000104

Symbol: HalfTurn
   Definitions
      At line 210 in file main.s
   Uses
      At line 165 in file main.s
Comment: HalfTurn used once
Input 00000166

Symbol: Input
   Definitions
      At line 261 in file main.s
   Uses
      At line 271 in file main.s
      At line 320 in file main.s
      At line 328 in file main.s

LeftDirection 000000E6

Symbol: LeftDirection
   Definitions
      At line 200 in file main.s
   Uses
      At line 174 in file main.s
Comment: LeftDirection used once
Motors 0000021A

Symbol: Motors
   Definitions
      At line 349 in file main.s
   Uses
      At line 292 in file main.s
Comment: Motors used once
PowerLoop 000001B6

Symbol: PowerLoop
   Definitions
      At line 296 in file main.s
   Uses
      At line 301 in file main.s
      At line 309 in file main.s

Program1 00000070

Symbol: Program1
   Definitions
      At line 136 in file main.s
   Uses
      At line 128 in file main.s
Comment: Program1 used once
Program2 0000014A

Symbol: Program2
   Definitions
      At line 251 in file main.s
   Uses
      At line 130 in file main.s



ARM Macro Assembler    Page 3 Alphabetic symbol ordering
Relocatable symbols

Comment: Program2 used once
RightDirection 000000C8

Symbol: RightDirection
   Definitions
      At line 190 in file main.s
   Uses
      At line 183 in file main.s
Comment: RightDirection used once
SequenceAddLeft 000001D2

Symbol: SequenceAddLeft
   Definitions
      At line 311 in file main.s
   Uses
      At line 300 in file main.s
      At line 306 in file main.s

StartCycle 00000182

Symbol: StartCycle
   Definitions
      At line 273 in file main.s
   Uses
      At line 269 in file main.s
Comment: StartCycle used once
TurnLeft 0000023E

Symbol: TurnLeft
   Definitions
      At line 368 in file main.s
   Uses
      At line 352 in file main.s
Comment: TurnLeft used once
TurnOffLeds 000000C2

Symbol: TurnOffLeds
   Definitions
      At line 185 in file main.s
   Uses
      At line 159 in file main.s
Comment: TurnOffLeds used once
TurnOffLedsProgram2 00000214

Symbol: TurnOffLedsProgram2
   Definitions
      At line 344 in file main.s
   Uses
      At line 318 in file main.s
      At line 326 in file main.s

TurnOnLed1Program1 000000AA

Symbol: TurnOnLed1Program1
   Definitions
      At line 167 in file main.s
   Uses
      At line 232 in file main.s
Comment: TurnOnLed1Program1 used once



ARM Macro Assembler    Page 4 Alphabetic symbol ordering
Relocatable symbols

TurnOnLed1Program2 000001FC

Symbol: TurnOnLed1Program2
   Definitions
      At line 330 in file main.s
   Uses
      At line 315 in file main.s
Comment: TurnOnLed1Program2 used once
TurnOnLed2Program1 000000B6

Symbol: TurnOnLed2Program1
   Definitions
      At line 176 in file main.s
   Uses
      At line 244 in file main.s
Comment: TurnOnLed2Program1 used once
TurnOnLed2Program2 00000208

Symbol: TurnOnLed2Program2
   Definitions
      At line 337 in file main.s
   Uses
      At line 324 in file main.s
Comment: TurnOnLed2Program2 used once
TurnOnLeds 000000A0

Symbol: TurnOnLeds
   Definitions
      At line 161 in file main.s
   Uses
      At line 228 in file main.s
      At line 240 in file main.s

TurnRight 00000224

Symbol: TurnRight
   Definitions
      At line 355 in file main.s
   Uses
      At line 353 in file main.s
Comment: TurnRight used once
WAIT 00000258

Symbol: WAIT
   Definitions
      At line 385 in file main.s
   Uses
      At line 137 in file main.s
      At line 138 in file main.s
      At line 193 in file main.s
      At line 196 in file main.s
      At line 203 in file main.s
      At line 206 in file main.s
      At line 213 in file main.s
      At line 216 in file main.s
      At line 217 in file main.s
      At line 259 in file main.s
      At line 274 in file main.s
      At line 283 in file main.s



ARM Macro Assembler    Page 5 Alphabetic symbol ordering
Relocatable symbols

      At line 284 in file main.s
      At line 316 in file main.s
      At line 325 in file main.s
      At line 359 in file main.s
      At line 361 in file main.s
      At line 372 in file main.s
      At line 374 in file main.s

__main 00000000

Symbol: __main
   Definitions
      At line 59 in file main.s
   Uses
      At line 42 in file main.s
Comment: __main used once
wait1 0000025A

Symbol: wait1
   Definitions
      At line 387 in file main.s
   Uses
      At line 389 in file main.s
Comment: wait1 used once
wait2 00000128

Symbol: wait2
   Definitions
      At line 225 in file main.s
   Uses
      At line 230 in file main.s
Comment: wait2 used once
wait3 0000013A

Symbol: wait3
   Definitions
      At line 237 in file main.s
   Uses
      At line 242 in file main.s
Comment: wait3 used once
waitBumperRight 00000126

Symbol: waitBumperRight
   Definitions
      At line 223 in file main.s
   Uses
      At line 155 in file main.s
Comment: waitBumperRight used once
waitBumperleft 00000138

Symbol: waitBumperleft
   Definitions
      At line 235 in file main.s
   Uses
      At line 157 in file main.s
Comment: waitBumperleft used once
33 symbols



ARM Macro Assembler    Page 1 Alphabetic symbol ordering
Absolute symbols

BROCHE0_1 00000003

Symbol: BROCHE0_1
   Definitions
      At line 39 in file main.s
   Uses
      At line 113 in file main.s
      At line 117 in file main.s
      At line 120 in file main.s

BROCHE4 00000010

Symbol: BROCHE4
   Definitions
      At line 29 in file main.s
   Uses
      At line 168 in file main.s
      At line 180 in file main.s
      At line 181 in file main.s
      At line 331 in file main.s
      At line 339 in file main.s
      At line 340 in file main.s

BROCHE4_5 00000030

Symbol: BROCHE4_5
   Definitions
      At line 27 in file main.s
   Uses
      At line 76 in file main.s
      At line 80 in file main.s
      At line 84 in file main.s
      At line 90 in file main.s
      At line 92 in file main.s
      At line 162 in file main.s
      At line 163 in file main.s
      At line 186 in file main.s
      At line 345 in file main.s

BROCHE5 00000020

Symbol: BROCHE5
   Definitions
      At line 31 in file main.s
   Uses
      At line 171 in file main.s
      At line 172 in file main.s
      At line 177 in file main.s
      At line 332 in file main.s
      At line 333 in file main.s
      At line 338 in file main.s

BROCHE6 00000040

Symbol: BROCHE6
   Definitions
      At line 35 in file main.s
   Uses
      None



ARM Macro Assembler    Page 2 Alphabetic symbol ordering
Absolute symbols

Comment: BROCHE6 unused
BROCHE6_7 000000C0

Symbol: BROCHE6_7
   Definitions
      At line 33 in file main.s
   Uses
      At line 99 in file main.s
      At line 103 in file main.s
      At line 106 in file main.s

BROCHE7 00000080

Symbol: BROCHE7
   Definitions
      At line 37 in file main.s
   Uses
      None
Comment: BROCHE7 unused
GPIO_I_PUR 00000510

Symbol: GPIO_I_PUR
   Definitions
      At line 24 in file main.s
   Uses
      At line 98 in file main.s
      At line 112 in file main.s

GPIO_O_DEN 0000051C

Symbol: GPIO_O_DEN
   Definitions
      At line 21 in file main.s
   Uses
      At line 79 in file main.s
      At line 102 in file main.s
      At line 116 in file main.s

GPIO_O_DIR 00000400

Symbol: GPIO_O_DIR
   Definitions
      At line 13 in file main.s
   Uses
      At line 75 in file main.s
Comment: GPIO_O_DIR used once
GPIO_O_DR2R 00000500

Symbol: GPIO_O_DR2R
   Definitions
      At line 17 in file main.s
   Uses
      At line 83 in file main.s
Comment: GPIO_O_DR2R used once
GPIO_PORTD_BASE 40007000

Symbol: GPIO_PORTD_BASE
   Definitions
      At line 8 in file main.s



ARM Macro Assembler    Page 3 Alphabetic symbol ordering
Absolute symbols

   Uses
      At line 98 in file main.s
      At line 102 in file main.s
      At line 106 in file main.s

GPIO_PORTE_BASE 40024000

Symbol: GPIO_PORTE_BASE
   Definitions
      At line 9 in file main.s
   Uses
      At line 112 in file main.s
      At line 116 in file main.s
      At line 120 in file main.s

GPIO_PORTF_BASE 40025000

Symbol: GPIO_PORTF_BASE
   Definitions
      At line 7 in file main.s
   Uses
      At line 75 in file main.s
      At line 79 in file main.s
      At line 83 in file main.s
      At line 92 in file main.s
      At line 162 in file main.s
      At line 168 in file main.s
      At line 171 in file main.s
      At line 177 in file main.s
      At line 180 in file main.s
      At line 186 in file main.s
      At line 331 in file main.s
      At line 332 in file main.s
      At line 338 in file main.s
      At line 339 in file main.s
      At line 345 in file main.s

SYSCTL_PERIPH_GPIO 400FE108

Symbol: SYSCTL_PERIPH_GPIO
   Definitions
      At line 4 in file main.s
   Uses
      At line 63 in file main.s
Comment: SYSCTL_PERIPH_GPIO used once
15 symbols



ARM Macro Assembler    Page 1 Alphabetic symbol ordering
External symbols

MOTEUR_DROIT_ARRIERE 00000000

Symbol: MOTEUR_DROIT_ARRIERE
   Definitions
      At line 50 in file main.s
   Uses
      At line 191 in file main.s
      At line 194 in file main.s
      At line 201 in file main.s
      At line 211 in file main.s
      At line 358 in file main.s

MOTEUR_DROIT_AVANT 00000000

Symbol: MOTEUR_DROIT_AVANT
   Definitions
      At line 49 in file main.s
   Uses
      At line 147 in file main.s
      At line 197 in file main.s
      At line 205 in file main.s
      At line 215 in file main.s
      At line 281 in file main.s
      At line 360 in file main.s

MOTEUR_DROIT_INVERSE 00000000

Symbol: MOTEUR_DROIT_INVERSE
   Definitions
      At line 51 in file main.s
   Uses
      None
Comment: MOTEUR_DROIT_INVERSE unused
MOTEUR_DROIT_OFF 00000000

Symbol: MOTEUR_DROIT_OFF
   Definitions
      At line 48 in file main.s
   Uses
      At line 395 in file main.s
Comment: MOTEUR_DROIT_OFF used once
MOTEUR_DROIT_ON 00000000

Symbol: MOTEUR_DROIT_ON
   Definitions
      At line 47 in file main.s
   Uses
      At line 143 in file main.s
      At line 277 in file main.s

MOTEUR_GAUCHE_ARRIERE 00000000

Symbol: MOTEUR_GAUCHE_ARRIERE
   Definitions
      At line 56 in file main.s
   Uses
      At line 192 in file main.s
      At line 202 in file main.s
      At line 204 in file main.s



ARM Macro Assembler    Page 2 Alphabetic symbol ordering
External symbols

      At line 212 in file main.s
      At line 214 in file main.s
      At line 371 in file main.s

MOTEUR_GAUCHE_AVANT 00000000

Symbol: MOTEUR_GAUCHE_AVANT
   Definitions
      At line 55 in file main.s
   Uses
      At line 148 in file main.s
      At line 195 in file main.s
      At line 207 in file main.s
      At line 218 in file main.s
      At line 282 in file main.s
      At line 373 in file main.s

MOTEUR_GAUCHE_INVERSE 00000000

Symbol: MOTEUR_GAUCHE_INVERSE
   Definitions
      At line 57 in file main.s
   Uses
      None
Comment: MOTEUR_GAUCHE_INVERSE unused
MOTEUR_GAUCHE_OFF 00000000

Symbol: MOTEUR_GAUCHE_OFF
   Definitions
      At line 54 in file main.s
   Uses
      At line 396 in file main.s
Comment: MOTEUR_GAUCHE_OFF used once
MOTEUR_GAUCHE_ON 00000000

Symbol: MOTEUR_GAUCHE_ON
   Definitions
      At line 53 in file main.s
   Uses
      At line 144 in file main.s
      At line 278 in file main.s

MOTEUR_INIT 00000000

Symbol: MOTEUR_INIT
   Definitions
      At line 45 in file main.s
   Uses
      At line 140 in file main.s
      At line 258 in file main.s

11 symbols
396 symbols in table
